github.com/netgroup-polito/k8s-resource-brokering/tests: no non-test Go files in C:\Users\Aless\OneDrive\Desktop\Tesi\k8s-resource-brokering\tests
